> 07-02 02:13:43.674  5759  5913 W Tethering: [BpfCoordinator] WARN Failed to update conntrack entry (proto: 6, src4: /10.93.222.75, srcPort: 60922, dst4: /49.44.145.117, dstPort: 80), msg: 50000000000105010100000000000000020000003400018014000180080001000A5DDE4B08000200312C91751C000280050001000600000006000200EDFA000006000300005000000800070000069780, e: android.system.ErrnoException: NetlinkErrorMessage{ nlmsghdr{StructNlMsgHdr{ nlmsg_len{100}, nlmsg_type{2()}, nlmsg_flags{0()}, nlmsg_seq{1}, nlmsg_pid{-833811959} }}, nlmsgerr{StructNlMsgErr{ error{-2}, msg{StructNlMsgHdr{ nlmsg_len{80}, nlmsg_type{256()}, nlmsg_flags{261(NLM_F_REQUEST|NLM_F_ACK|NLM_F_ROOT)}, nlmsg_seq{1}, nlmsg_pid{0} }} }} } failed: ENOENT (No such file or directory)
  07-02 02:13:43.676  3315 29386 E COMU    : vendor/qcom/proprietary/args/ar_osal/src/linux/ar_osal_mutex.c:ar_osal_mutex_lock:111 ar_osal_mutex_lock: ar_osal_mutex is NULL
  07-02 02:13:43.676  3315 29386 E COMU    : vendor/qcom/proprietary/args/ar_osal/src/linux/ar_osal_mutex.c:ar_osal_mutex_unlock:149 ar_osal_mutex_unlock: ar_osal_mutex is NULL
  07-02 02:13:43.676  3315 29386 E COMU    : vendor/qcom/proprietary/args/ar_osal/src/linux/ar_osal_mutex.c:ar_osal_mutex_lock:111 ar_osal_mutex_lock: ar_osal_mutex is NULL
  07-02 02:13:43.676  3315 29386 E COMU    : vendor/qcom/proprietary/args/ar_osal/src/linux/ar_osal_mutex.c:ar_osal_mutex_unlock:149 ar_osal_mutex_unlock: ar_osal_mutex is NULL
  07-02 02:13:43.676  3315 29386 D PAL: API: pal_get_param: 1348: Exit, status 0
  07-02 02:13:43.689  5759  5913 E NetlinkUtils: receiveNetlinkAck, errmsg=NetlinkErrorMessage{ nlmsghdr{StructNlMsgHdr{ nlmsg_len{100}, nlmsg_type{2()}, nlmsg_flags{0()}, nlmsg_seq{1}, nlmsg_pid{-2012110228} }}, nlmsgerr{StructNlMsgErr{ error{-2}, msg{StructNlMsgHdr{ nlmsg_len{80}, nlmsg_type{256()}, nlmsg_flags{261(NLM_F_REQUEST|NLM_F_ACK|NLM_F_ROOT)}, nlmsg_seq{1}, nlmsg_pid{0} }} }} }
> 07-02 02:13:43.690  5759  5913 W Tethering: [BpfCoordinator] WARN Failed to update conntrack entry (proto: 6, src4: /10.93.222.75, srcPort: 61054, dst4: /172.217.24.206, dstPort: 443), msg: 50000000000105010100000000000000020000003400018014000180080001000A5DDE4B08000200ACD918CE1C000280050001000600000006000200EE7E00000600030001BB00000800070000069780, e: android.system.ErrnoException: NetlinkErrorMessage{ nlmsghdr{StructNlMsgHdr{ nlmsg_len{100}, nlmsg_type{2()}, nlmsg_flags{0()}, nlmsg_seq{1}, nlmsg_pid{-2012110228} }}, nlmsgerr{StructNlMsgErr{ error{-2}, msg{StructNlMsgHdr{ nlmsg_len{80}, nlmsg_type{256()}, nlmsg_flags{261(NLM_F_REQUEST|NLM_F_ACK|NLM_F_ROOT)}, nlmsg_seq{1}, nlmsg_pid{0} }} }} } failed: ENOENT (No such file or directory)
  07-02 02:13:43.696  5759  5913 E NetlinkUtils: receiveNetlinkAck, errmsg=NetlinkErrorMessage{ nlmsghdr{StructNlMsgHdr{ nlmsg_len{100}, nlmsg_type{2()}, nlmsg_flags{0()}, nlmsg_seq{1}, nlmsg_pid{-1677719832} }}, nlmsgerr{StructNlMsgErr{ error{-2}, msg{StructNlMsgHdr{ nlmsg_len{80}, nlmsg_type{256()}, nlmsg_flags{261(NLM_F_REQUEST|NLM_F_ACK|NLM_F_ROOT)}, nlmsg_seq{1}, nlmsg_pid{0} }} }} }
> 07-02 02:13:43.697  5759  5913 W Tethering: [BpfCoordinator] WARN Failed to update conntrack entry (proto: 6, src4: /10.93.222.75, srcPort: 60919, dst4: /49.44.136.16, dstPort: 80), msg: 50000000000105010100000000000000020000003400018014000180080001000A5DDE4B08000200312C88101C000280050001000600000006000200EDF7000006000300005000000800070000069780, e: android.system.ErrnoException: NetlinkErrorMessage{ nlmsghdr{StructNlMsgHdr{ nlmsg_len{100}, nlmsg_type{2()}, nlmsg_flags{0()}, nlmsg_seq{1}, nlmsg_pid{-1677719832} }}, nlmsgerr{StructNlMsgErr{ error{-2}, msg{StructNlMsgHdr{ nlmsg_len{80}, nlmsg_type{256()}, nlmsg_flags{261(NLM_F_REQUEST|NLM_F_ACK|NLM_F_ROOT)}, nlmsg_seq{1}, nlmsg_pid{0} }} }} } failed: ENOENT (No such file or directory)
  07-02 02:13:43.698  5759  5913 E NetlinkUtils: receiveNetlinkAck, errmsg=NetlinkErrorMessage{ nlmsghdr{StructNlMsgHdr{ nlmsg_len{100}, nlmsg_type{2()}, nlmsg_flags{0()}, nlmsg_seq{1}, nlmsg_pid{-1599396945} }}, nlmsgerr{StructNlMsgErr{ error{-2}, msg{StructNlMsgHdr{ nlmsg_len{80}, nlmsg_type{256()}, nlmsg_flags{261(NLM_F_REQUEST|NLM_F_ACK|NLM_F_ROOT)}, nlmsg_seq{1}, nlmsg_pid{0} }} }} }
> 07-02 02:13:43.698  5759  5913 W Tethering: [BpfCoordinator] WARN Failed to update conntrack entry (proto: 6, src4: /10.93.222.75, srcPort: 60920, dst4: /142.251.43.131, dstPort: 80), msg: 50000000000105010100000000000000020000003400018014000180080001000A5DDE4B080002008EFB2B831C000280050001000600000006000200EDF8000006000300005000000800070000069780, e: android.system.ErrnoException: NetlinkErrorMessage{ nlmsghdr{StructNlMsgHdr{ nlmsg_len{100}, nlmsg_type{2()}, nlmsg_flags{0()}, nlmsg_seq{1}, nlmsg_pid{-1599396945} }}, nlmsgerr{StructNlMsgErr{ error{-2}, msg{StructNlMsgHdr{ nlmsg_len{80}, nlmsg_type{256()}, nlmsg_flags{261(NLM_F_REQUEST|NLM_F_ACK|NLM_F_ROOT)}, nlmsg_seq{1}, nlmsg_pid{0} }} }} } failed: ENOENT (No such file or directory)
  07-02 02:13:43.700  5759  5913 E NetlinkUtils: receiveNetlinkAck, errmsg=NetlinkErrorMessage{ nlmsghdr{StructNlMsgHdr{ nlmsg_len{100}, nlmsg_type{2()}, nlmsg_flags{0()}, nlmsg_seq{1}, nlmsg_pid{-1870555600} }}, nlmsgerr{StructNlMsgErr{ error{-2}, msg{StructNlMsgHdr{ nlmsg_len{80}, nlmsg_type{256()}, nlmsg_flags{261(NLM_F_REQUEST|NLM_F_ACK|NLM_F_ROOT)}, nlmsg_seq{1}, nlmsg_pid{0} }} }} }
> 07-02 02:13:43.700  5759  5913 W Tethering: [BpfCoordinator] WARN Failed to update conntrack entry (proto: 6, src4: /10.93.222.75, srcPort: 60924, dst4: /162.159.142.9, dstPort: 80), msg: 50000000000105010100000000000000020000003400018014000180080001000A5DDE4B08000200A29F8E091C000280050001000600000006000200EDFC000006000300005000000800070000069780, e: android.system.ErrnoException: NetlinkErrorMessage{ nlmsghdr{StructNlMsgHdr{ nlmsg_len{100}, nlmsg_type{2()}, nlmsg_flags{0()}, nlmsg_seq{1}, nlmsg_pid{-1870555600} }}, nlmsgerr{StructNlMsgErr{ error{-2}, msg{StructNlMsgHdr{ nlmsg_len{80}, nlmsg_type{256()}, nlmsg_flags{261(NLM_F_REQUEST|NLM_F_ACK|NLM_F_ROOT)}, nlmsg_seq{1}, nlmsg_pid{0} }} }} } failed: ENOENT (No such file or directory)
  07-02 02:13:43.703  5759  5913 E NetlinkUtils: receiveNetlinkAck, errmsg=NetlinkErrorMessage{ nlmsghdr{StructNlMsgHdr{ nlmsg_len{100}, nlmsg_type{2()}, nlmsg_flags{0()}, nlmsg_seq{1}, nlmsg_pid{-559711333} }}, nlmsgerr{StructNlMsgErr{ error{-2}, msg{StructNlMsgHdr{ nlmsg_len{80}, nlmsg_type{256()}, nlmsg_flags{261(NLM_F_REQUEST|NLM_F_ACK|NLM_F_ROOT)}, nlmsg_seq{1}, nlmsg_pid{0} }} }} }
> 07-02 02:13:43.703  5759  5913 W Tethering: [BpfCoordinator] WARN Failed to update conntrack entry (proto: 6, src4: /10.93.222.75, srcPort: 60143, dst4: /216.239.36.223, dstPort: 443), msg: 50000000000105010100000000000000020000003400018014000180080001000A5DDE4B08000200D8EF24DF1C000280050001000600000006000200EAEF00000600030001BB00000800070000069780, e: android.system.ErrnoException: NetlinkErrorMessage{ nlmsghdr{StructNlMsgHdr{ nlmsg_len{100}, nlmsg_type{2()}, nlmsg_flags{0()}, nlmsg_seq{1}, nlmsg_pid{-559711333} }}, nlmsgerr{StructNlMsgErr{ error{-2}, msg{StructNlMsgHdr{ nlmsg_len{80}, nlmsg_type{256()}, nlmsg_flags{261(NLM_F_REQUEST|NLM_F_ACK|NLM_F_ROOT)}, nlmsg_seq{1}, nlmsg_pid{0} }} }} } failed: ENOENT (No such file or directory)
  07-02 02:13:43.710  3363 14010 W QC2Comp : [av1D_778] Skipping empty output buffer
  07-02 02:13:43.710  3443 14009 D CCodecConfig: c2 config diff is   c2::i32 vendor.qti-ext-dec-info-mbi.counter = 9254
  07-02 02:13:43.710  3443 14009 D CCodecConfig:   Buffer vendor.qti-ext-dec-info-misr.value = 0xb4000078cbe81c30
  07-02 02:13:43.711  5759  5913 E NetlinkUtils: receiveNetlinkAck, errmsg=NetlinkErrorMessage{ nlmsghdr{StructNlMsgHdr{ nlmsg_len{100}, nlmsg_type{2()}, nlmsg_flags{0()}, nlmsg_seq{1}, nlmsg_pid{-1099831683} }}, nlmsgerr{StructNlMsgErr{ error{-2}, msg{StructNlMsgHdr{ nlmsg_len{80}, nlmsg_type{256()}, nlmsg_flags{261(NLM_F_REQUEST|NLM_F_ACK|NLM_F_ROOT)}, nlmsg_seq{1}, nlmsg_pid{0} }} }} }
> 07-02 02:13:43.711  5759  5913 W Tethering: [BpfCoordinator] WARN Failed to update conntrack entry (proto: 6, src4: /10.93.222.75, srcPort: 60921, dst4: /49.44.145.117, dstPort: 80), msg: 50000000000105010100000000000000020000003400018014000180080001000A5DDE4B08000200312C91751C000280050001000600000006000200EDF9000006000300005000000800070000069780, e: android.system.ErrnoException: NetlinkErrorMessage{ nlmsghdr{StructNlMsgHdr{ nlmsg_len{100}, nlmsg_type{2()}, nlmsg_flags{0()}, nlmsg_seq{1}, nlmsg_pid{-1099831683} }}, nlmsgerr{StructNlMsgErr{ error{-2}, msg{StructNlMsgHdr{ nlmsg_len{80}, nlmsg_type{256()}, nlmsg_flags{261(NLM_F_REQUEST|NLM_F_ACK|NLM_F_ROOT)}, nlmsg_seq{1}, nlmsg_pid{0} }} }} } failed: ENOENT (No such file or directory)
  07-02 02:13:43.712  5759  5913 E NetlinkUtils: receiveNetlinkAck, errmsg=NetlinkErrorMessage{ nlmsghdr{StructNlMsgHdr{ nlmsg_len{100}, nlmsg_type{2()}, nlmsg_flags{0()}, nlmsg_seq{1}, nlmsg_pid{-1498070234} }}, nlmsgerr{StructNlMsgErr{ error{-2}, msg{StructNlMsgHdr{ nlmsg_len{80}, nlmsg_type{256()}, nlmsg_flags{261(NLM_F_REQUEST|NLM_F_ACK|NLM_F_ROOT)}, nlmsg_seq{1}, nlmsg_pid{0} }} }} }
> 07-02 02:13:43.712  5759  5913 W Tethering: [BpfCoordinator] WARN Failed to update conntrack entry (proto: 6, src4: /10.93.222.75, srcPort: 60166, dst4: /216.239.32.223, dstPort: 443), msg: 50000000000105010100000000000000020000003400018014000180080001000A5DDE4B08000200D8EF20DF1C000280050001000600000006000200EB0600000600030001BB00000800070000069780, e: android.system.ErrnoException: NetlinkErrorMessage{ nlmsghdr{StructNlMsgHdr{ nlmsg_len{100}, nlmsg_type{2()}, nlmsg_flags{0()}, nlmsg_seq{1}, nlmsg_pid{-1498070234} }}, nlmsgerr{StructNlMsgErr{ error{-2}, msg{StructNlMsgHdr{ nlmsg_len{80}, nlmsg_type{256()}, nlmsg_flags{261(NLM_F_REQUEST|NLM_F_ACK|NLM_F_ROOT)}, nlmsg_seq{1}, nlmsg_pid{0} }} }} } failed: ENOENT (No such file or directory)
  07-02 02:13:43.715  5759  5913 E NetlinkUtils: receiveNetlinkAck, errmsg=NetlinkErrorMessage{ nlmsghdr{StructNlMsgHdr{ nlmsg_len{100}, nlmsg_type{2()}, nlmsg_flags{0()}, nlmsg_seq{1}, nlmsg_pid{-1879099841} }}, nlmsgerr{StructNlMsgErr{ error{-2}, msg{StructNlMsgHdr{ nlmsg_len{80}, nlmsg_type{256()}, nlmsg_flags{261(NLM_F_REQUEST|NLM_F_ACK|NLM_F_ROOT)}, nlmsg_seq{1}, nlmsg_pid{0} }} }} }
> 07-02 02:13:43.715  5759  5913 W Tethering: [BpfCoordinator] WARN Failed to update conntrack entry (proto: 6, src4: /10.93.222.75, srcPort: 60143, dst4: /216.239.36.223, dstPort: 443), msg: 50000000000105010100000000000000020000003400018014000180080001000A5DDE4B08000200D8EF24DF1C000280050001000600000006000200EAEF00000600030001BB00000800070000069780, e: android.system.ErrnoException: NetlinkErrorMessage{ nlmsghdr{StructNlMsgHdr{ nlmsg_len{100}, nlmsg_type{2()}, nlmsg_flags{0()}, nlmsg_seq{1}, nlmsg_pid{-1879099841} }}, nlmsgerr{StructNlMsgErr{ error{-2}, msg{StructNlMsgHdr{ nlmsg_len{80}, nlmsg_type{256()}, nlmsg_flags{261(NLM_F_REQUEST|NLM_F_ACK|NLM_F_ROOT)}, nlmsg_seq{1}, nlmsg_pid{0} }} }} } failed: ENOENT (No such file or directory)
  07-02 02:13:43.716  3315 29386 E COMU    : vendor/qcom/proprietary/args/ar_osal/src/linux/ar_osal_mutex.c:ar_osal_mutex_lock:111 ar_osal_mutex_lock: ar_osal_mutex is NULL
  07-02 02:13:43.716  3315 29386 E COMU    : vendor/qcom/proprietary/args/ar_osal/src/linux/ar_osal_mutex.c:ar_osal_mutex_unlock:149 ar_osal_mutex_unlock: ar_osal_mutex is NULL
  07-02 02:13:43.716  3315 29386 E COMU    : vendor/qcom/proprietary/args/ar_osal/src/linux/ar_osal_mutex.c:ar_osal_mutex_lock:111 ar_osal_mutex_lock: ar_osal_mutex is NULL
  07-02 02:13:43.716  3315 29386 E COMU    : vendor/qcom/proprietary/args/ar_osal/src/linux/ar_osal_mutex.c:ar_osal_mutex_unlock:149 ar_osal_mutex_unlock: ar_osal_mutex is NULL
  07-02 02:13:43.716  3315 29386 D PAL: API: pal_get_param: 1348: Exit, status 0
  07-02 02:13:43.719  5759  5913 E NetlinkUtils: receiveNetlinkAck, errmsg=NetlinkErrorMessage{ nlmsghdr{StructNlMsgHdr{ nlmsg_len{100}, nlmsg_type{2()}, nlmsg_flags{0()}, nlmsg_seq{1}, nlmsg_pid{-1989013908} }}, nlmsgerr{StructNlMsgErr{ error{-2}, msg{StructNlMsgHdr{ nlmsg_len{80}, nlmsg_type{256()}, nlmsg_flags{261(NLM_F_REQUEST|NLM_F_ACK|NLM_F_ROOT)}, nlmsg_seq{1}, nlmsg_pid{0} }} }} }
> 07-02 02:13:43.719  5759  5913 W Tethering: [BpfCoordinator] WARN Failed to update conntrack entry (proto: 6, src4: /10.93.222.75, srcPort: 60287, dst4: /150.109.28.234, dstPort: 443), msg: 50000000000105010100000000000000020000003400018014000180080001000A5DDE4B08000200966D1CEA1C000280050001000600000006000200EB7F00000600030001BB00000800070000069780, e: android.system.ErrnoException: NetlinkErrorMessage{ nlmsghdr{StructNlMsgHdr{ nlmsg_len{100}, nlmsg_type{2()}, nlmsg_flags{0()}, nlmsg_seq{1}, nlmsg_pid{-1989013908} }}, nlmsgerr{StructNlMsgErr{ error{-2}, msg{StructNlMsgHdr{ nlmsg_len{80}, nlmsg_type{256()}, nlmsg_flags{261(NLM_F_REQUEST|NLM_F_ACK|NLM_F_ROOT)}, nlmsg_seq{1}, nlmsg_pid{0} }} }} } failed: ENOENT (No such file or directory)
  07-02 02:13:41.358 32338 32338 E gsi soc : qcom,msm_gsi: gsi_stop_channel:3688 chan=1 busy try again
  07-02 02:13:41.360 32338 32338 E gsi soc : qcom,msm_gsi: gsi_stop_channel:3688 chan=14 busy try again
  07-02 02:13:43.735  3347  3715 I vendor.qti.hardware.display.composer-service: Sensor: notify citsensorservice to trigger cwb, misForced = 0
  07-02 02:13:43.735  4171  5456 I libsensor-parseRGB: request dump start for mRequestDisplayId 0
  07-02 02:13:43.735  4171  5456 D vendor.xiaomi.sensor.citsensorservice.aidl: handle id:14 wxh:1280x2712 uwxuh:1220x2712 size: 10416128 fd:13 fd_meta:14 flags:0x228 usage:0x33  format:0x3 layer_count: 1 reserved_size = 0 custom_content_md_reserved_size = 0
  07-02 02:13:43.736  3347  3347 D SDM     : HWCSession::PostBuffer: CWB config passed by cwb_client : tappoint 1  CWB_ROI : (819.000000 -1.000000 970.000000 125.000000)
  07-02 02:13:43.737  5759  5913 E NetlinkUtils: receiveNetlinkAck, errmsg=NetlinkErrorMessage{ nlmsghdr{StructNlMsgHdr{ nlmsg_len{100}, nlmsg_type{2()}, nlmsg_flags{0()}, nlmsg_seq{1}, nlmsg_pid{-824847984} }}, nlmsgerr{StructNlMsgErr{ error{-2}, msg{StructNlMsgHdr{ nlmsg_len{80}, nlmsg_type{256()}, nlmsg_flags{261(NLM_F_REQUEST|NLM_F_ACK|NLM_F_ROOT)}, nlmsg_seq{1}, nlmsg_pid{0} }} }} }
> 07-02 02:13:43.737  5759  5913 W Tethering: [BpfCoordinator] WARN Failed to update conntrack entry (proto: 6, src4: /10.93.222.75, srcPort: 60166, dst4: /216.239.32.223, dstPort: 443), msg: 50000000000105010100000000000000020000003400018014000180080001000A5DDE4B08000200D8EF20DF1C000280050001000600000006000200EB0600000600030001BB00000800070000069780, e: android.system.ErrnoException: NetlinkErrorMessage{ nlmsghdr{StructNlMsgHdr{ nlmsg_len{100}, nlmsg_type{2()}, nlmsg_flags{0()}, nlmsg_seq{1}, nlmsg_pid{-824847984} }}, nlmsgerr{StructNlMsgErr{ error{-2}, msg{StructNlMsgHdr{ nlmsg_len{80}, nlmsg_type{256()}, nlmsg_flags{261(NLM_F_REQUEST|NLM_F_ACK|NLM_F_ROOT)}, nlmsg_seq{1}, nlmsg_pid{0} }} }} } failed: ENOENT (No such file or directory)
  07-02 02:13:43.756  3315 29386 E COMU    : vendor/qcom/proprietary/args/ar_osal/src/linux/ar_osal_mutex.c:ar_osal_mutex_lock:111 ar_osal_mutex_lock: ar_osal_mutex is NULL
  07-02 02:13:43.756  3315 29386 E COMU    : vendor/qcom/proprietary/args/ar_osal/src/linux/ar_osal_mutex.c:ar_osal_mutex_unlock:149 ar_osal_mutex_unlock: ar_osal_mutex is NULL
  07-02 02:13:43.756  3315 29386 E COMU    : vendor/qcom/proprietary/args/ar_osal/src/linux/ar_osal_mutex.c:ar_osal_mutex_lock:111 ar_osal_mutex_lock: ar_osal_mutex is NULL
  07-02 02:13:43.756  3315 29386 E COMU    : vendor/qcom/proprietary/args/ar_osal/src/linux/ar_osal_mutex.c:ar_osal_mutex_unlock:149 ar_osal_mutex_unlock: ar_osal_mutex is NULL
  07-02 02:13:43.756  3315 29386 D PAL: API: pal_get_param: 1348: Exit, status 0
  07-02 02:13:43.797  4171  5467 I libsensor-boledalgo: dbv:100,lux:0.0,hsv:-1.0,dc:0CWB R:385.3,G:207.4,B:141.9Event ALS:757.9,IR:168.4Cali ALS:1017.2,IR:223.7
  07-02 02:13:43.798  3315 29386 E COMU    : vendor/qcom/proprietary/args/ar_osal/src/linux/ar_osal_mutex.c:ar_osal_mutex_lock:111 ar_osal_mutex_lock: ar_osal_mutex is NULL
  07-02 02:13:43.798  3315 29386 E COMU    : vendor/qcom/proprietary/args/ar_osal/src/linux/ar_osal_mutex.c:ar_osal_mutex_unlock:149 ar_osal_mutex_unlock: ar_osal_mutex is NULL
  07-02 02:13:43.798  3315 29386 E COMU    : vendor/qcom/proprietary/args/ar_osal/src/linux/ar_osal_mutex.c:ar_osal_mutex_lock:111 ar_osal_mutex_lock: ar_osal_mutex is NULL
  07-02 02:13:43.798  3315 29386 E COMU    : vendor/qcom/proprietary/args/ar_osal/src/linux/ar_osal_mutex.c:ar_osal_mutex_unlock:149 ar_osal_mutex_unlock: ar_osal_mutex is NULL
  07-02 02:13:43.798  3315 29386 D PAL: API: pal_get_param: 1348: Exit, status 0
  07-02 02:13:43.823  3347 23919 D SDM     : CompManager::NotifyCwbDone: display 0 notify cwb callback, status = 0
  07-02 02:13:43.823  3347  5584 D SDM     : HWCSession::NotifyCWBStatus: Notify the client about buffer status 0.
  07-02 02:13:43.824  4171 14205 E libsensor-parseRGB: CWB NotifyCWBBufferDone  error 0
  07-02 02:13:43.824  3347  5584 D SDM     : HWCSession::ProcessCWBStatus: CWB queue is empty. Display: 0
  07-02 02:13:41.461 10767 10767 E ipa_pm_handle_suspend: 1280 Client IPA_CLIENT_APPS_WAN_CONS woke up the system
  07-02 02:13:43.836  3315 29386 E COMU    : vendor/qcom/proprietary/args/ar_osal/src/linux/ar_osal_mutex.c:ar_osal_mutex_lock:111 ar_osal_mutex_lock: ar_osal_mutex is NULL
  07-02 02:13:43.837  3315 29386 E COMU    : vendor/qcom/proprietary/args/ar_osal/src/linux/ar_osal_mutex.c:ar_osal_mutex_unlock:149 ar_osal_mutex_unlock: ar_osal_mutex is NULL
  07-02 02:13:43.837  3315 29386 E COMU    : vendor/qcom/proprietary/args/ar_osal/src/linux/ar_osal_mutex.c:ar_osal_mutex_lock:111 ar_osal_mutex_lock: ar_osal_mutex is NULL
  07-02 02:13:43.837  3315 29386 E COMU    : vendor/qcom/proprietary/args/ar_osal/src/linux/ar_osal_mutex.c:ar_osal_mutex_unlock:149 ar_osal_mutex_unlock: ar_osal_mutex is NULL
> 07-02 02:13:57.856  3443  3656 E YouTube : java.util.concurrent.CancellationException: Task was cancelled.
  07-02 02:13:57.856  3443  3656 E YouTube : 	at askb.g(PG:33)
  07-02 02:13:57.856  3443  3656 E YouTube : 	at askb.get(PG:382)
  07-02 02:13:57.856  3443  3656 E YouTube : 	at a.bC(PG:2)
  07-02 02:13:57.856  3443  3656 E YouTube : 	at asbm.aZ(PG:10)
  07-02 02:13:57.856  3443  3656 E YouTube : 	at asmf.run(PG:23)
  07-02 02:13:57.856  3443  3656 E YouTube : 	at sef.run(PG:7)
  07-02 02:13:57.856  3443  3656 E YouTube : 	at asfv.run(PG:44)
  07-02 02:13:57.856  3443  3656 E YouTube : 	at sga.run(PG:706)
  07-02 02:13:57.856  3443  3656 E YouTube : 	at ewr.run(PG:1033)
  07-02 02:13:57.856  3443  3656 E YouTube : 	at java.lang.Thread.run(Thread.java:1563)
  07-02 02:13:57.856  3443  3656 E YouTube : 	at sfb.run(PG:61)
  07-02 02:13:57.856  3443  3443 W YouTube : play() called when the player wasn't loaded.
  07-02 02:13:57.856  3443  3528 E YouTube : Request being made from non-critical thread
  07-02 02:13:57.857  3443 14008 D CCodecConfig: c2 config diff is   c2::u32 coded.vui.color.matrix = 255
  07-02 02:13:57.857  3443 14008 D CCodecConfig:   c2::u32 coded.vui.color.primaries = 0
  07-02 02:13:57.857  3443 14008 D CCodecConfig:   c2::u32 coded.vui.color.range = 0
  07-02 02:13:57.857  3443 14008 D CCodecConfig:   c2::u32 coded.vui.color.transfer = 255
  07-02 02:13:57.857  3443 14008 D CCodecConfig:   Buffer vendor.qti-ext-dec-info-misr.value = 0xb4000078cbe77780
  07-02 02:13:57.857  3443  3443 W YouTube : TraceableOnGlobalLayoutListener.onGlobalLayout[amya-RecyclerView] is called 15
  07-02 02:13:57.860  3363  3626 W QC2Interface: [av1D_778] Failed to query parameters
> 07-02 02:13:57.921  3443  3529 E YT.onesie: Caused by: cje: Response code: 413
  07-02 02:13:57.921  3443  3529 E YT.onesie: 	at ckr.b(PG:477)
  07-02 02:13:57.921  3443  3529 E YT.onesie: 	at ajsx.b(PG:3)
  07-02 02:13:57.921  3443  3529 E YT.onesie: 	at ajaq.b(PG:132)
  07-02 02:13:57.921  3443  3529 E YT.onesie: 	at ajcz.run(PG:12)
  07-02 02:13:57.921  3443  3529 E YT.onesie: 	... 9 more
  07-02 02:13:57.937  3315 29386 E COMU    : vendor/qcom/proprietary/args/ar_osal/src/linux/ar_osal_mutex.c:ar_osal_mutex_lock:111 ar_osal_mutex_lock: ar_osal_mutex is NULL
  07-02 02:13:57.937  3315 29386 E COMU    : vendor/qcom/proprietary/args/ar_osal/src/linux/ar_osal_mutex.c:ar_osal_mutex_unlock:149 ar_osal_mutex_unlock: ar_osal_mutex is NULL
  07-02 02:13:57.937  3315 29386 E COMU    : vendor/qcom/proprietary/args/ar_osal/src/linux/ar_osal_mutex.c:ar_osal_mutex_lock:111 ar_osal_mutex_lock: ar_osal_mutex is NULL
  07-02 02:13:57.937  3315 29386 E COMU    : vendor/qcom/proprietary/args/ar_osal/src/linux/ar_osal_mutex.c:ar_osal_mutex_unlock:149 ar_osal_mutex_unlock: ar_osal_mutex is NULL
  07-02 02:13:57.937  3315 29386 D PAL: API: pal_get_param: 1348: Exit, status 0
  07-02 02:13:57.956  3315 29386 E COMU    : vendor/qcom/proprietary/args/ar_osal/src/linux/ar_osal_mutex.c:ar_osal_mutex_lock:111 ar_osal_mutex_lock: ar_osal_mutex is NULL
  07-02 02:13:57.956  3315 29386 E COMU    : vendor/qcom/proprietary/args/ar_osal/src/linux/ar_osal_mutex.c:ar_osal_mutex_unlock:149 ar_osal_mutex_unlock: ar_osal_mutex is NULL
  07-02 02:13:57.957  3315 29386 E COMU    : vendor/qcom/proprietary/args/ar_osal/src/linux/ar_osal_mutex.c:ar_osal_mutex_lock:111 ar_osal_mutex_lock: ar_osal_mutex is NULL
  07-02 02:13:57.957  3315 29386 E COMU    : vendor/qcom/proprietary/args/ar_osal/src/linux/ar_osal_mutex.c:ar_osal_mutex_unlock:149 ar_osal_mutex_unlock: ar_osal_mutex is NULL
  07-02 02:13:57.957  3315 29386 D PAL: API: pal_get_param: 1348: Exit, status 0
  07-02 02:13:57.977  3315 29386 E COMU    : vendor/qcom/proprietary/args/ar_osal/src/linux/ar_osal_mutex.c:ar_osal_mutex_lock:111 ar_osal_mutex_lock: ar_osal_mutex is NULL
  07-02 02:13:57.978  3315 29386 E COMU    : vendor/qcom/proprietary/args/ar_osal/src/linux/ar_osal_mutex.c:ar_osal_mutex_unlock:149 ar_osal_mutex_unlock: ar_osal_mutex is NULL
  07-02 02:13:57.978  3315 29386 E COMU    : vendor/qcom/proprietary/args/ar_osal/src/linux/ar_osal_mutex.c:ar_osal_mutex_lock:111 ar_osal_mutex_lock: ar_osal_mutex is NULL
  07-02 02:13:57.978  3315 29386 E COMU    : vendor/qcom/proprietary/args/ar_osal/src/linux/ar_osal_mutex.c:ar_osal_mutex_unlock:149 ar_osal_mutex_unlock: ar_osal_mutex is NULL
  07-02 02:13:57.978  3315 29386 D PAL: API: pal_get_param: 1348: Exit, status 0
> 07-02 02:13:59.055  3443  3529 E YT.onesie: Caused by: cje: Response code: 413
  07-02 02:13:59.055  3443  3529 E YT.onesie: 	at ckr.b(PG:477)
  07-02 02:13:59.055  3443  3529 E YT.onesie: 	at ajsx.b(PG:3)
  07-02 02:13:59.055  3443  3529 E YT.onesie: 	at ajaq.b(PG:132)
  07-02 02:13:59.055  3443  3529 E YT.onesie: 	at ajcz.run(PG:12)
  07-02 02:13:59.055  3443  3529 E YT.onesie: 	... 9 more
  07-02 02:13:59.060  3448  3496 W qdgralloc: getInterlacedFlag: getMetaData returned 3, defaulting to interlaced_flag = 0
  07-02 02:13:59.076  3315 29386 E COMU    : vendor/qcom/proprietary/args/ar_osal/src/linux/ar_osal_mutex.c:ar_osal_mutex_lock:111 ar_osal_mutex_lock: ar_osal_mutex is NULL
  07-02 02:13:59.077  3315 29386 E COMU    : vendor/qcom/proprietary/args/ar_osal/src/linux/ar_osal_mutex.c:ar_osal_mutex_unlock:149 ar_osal_mutex_unlock: ar_osal_mutex is NULL
  07-02 02:13:59.077  3315 29386 E COMU    : vendor/qcom/proprietary/args/ar_osal/src/linux/ar_osal_mutex.c:ar_osal_mutex_lock:111 ar_osal_mutex_lock: ar_osal_mutex is NULL
  07-02 02:13:59.077  3315 29386 E COMU    : vendor/qcom/proprietary/args/ar_osal/src/linux/ar_osal_mutex.c:ar_osal_mutex_unlock:149 ar_osal_mutex_unlock: ar_osal_mutex is NULL
  07-02 02:13:59.077  3315 29386 D PAL: API: pal_get_param: 1348: Exit, status 0
  07-02 02:13:59.099  3448  3496 W qdgralloc: getInterlacedFlag: getMetaData returned 3, defaulting to interlaced_flag = 0
  07-02 02:13:59.116  3315 29386 E COMU    : vendor/qcom/proprietary/args/ar_osal/src/linux/ar_osal_mutex.c:ar_osal_mutex_lock:111 ar_osal_mutex_lock: ar_osal_mutex is NULL
  07-02 02:13:59.117  3315 29386 E COMU    : vendor/qcom/proprietary/args/ar_osal/src/linux/ar_osal_mutex.c:ar_osal_mutex_unlock:149 ar_osal_mutex_unlock: ar_osal_mutex is NULL
  07-02 02:13:59.117  3315 29386 E COMU    : vendor/qcom/proprietary/args/ar_osal/src/linux/ar_osal_mutex.c:ar_osal_mutex_lock:111 ar_osal_mutex_lock: ar_osal_mutex is NULL
  07-02 02:13:59.117  3315 29386 E COMU    : vendor/qcom/proprietary/args/ar_osal/src/linux/ar_osal_mutex.c:ar_osal_mutex_unlock:149 ar_osal_mutex_unlock: ar_osal_mutex is NULL
  07-02 02:13:59.117  3315 29386 D PAL: API: pal_get_param: 1348: Exit, status 0
  07-02 02:13:59.129  3448  3496 W qdgralloc: getInterlacedFlag: getMetaData returned 3, defaulting to interlaced_flag = 0
  07-02 02:13:59.135  3347  3715 I vendor.qti.hardware.display.composer-service: Sensor: notify citsensorservice to trigger cwb, misForced = 0
  07-02 02:13:59.135  4171  5456 I libsensor-parseRGB: request dump start for mRequestDisplayId 0
> 07-02 02:14:15.242 14837 14886 E AndroidRuntime: FATAL EXCEPTION: pool-10-thread-1
  07-02 02:14:15.242 14837 14886 E AndroidRuntime: Process: dev.ritesh.ledgerlite, PID: 14837
  07-02 02:14:15.242 14837 14886 E AndroidRuntime: java.lang.NoSuchMethodError: No static method getDirectConverter(Ljava/lang/Class;)Lexpo/modules/kotlin/types/JSTypeConverter; in class Lexpo/modules/kotlin/types/ReturnTypeKt; or its super classes (declaration of 'expo.modules.kotlin.types.ReturnTypeKt' appears in /data/app/~~C-92EaohKWdBUe8b2dYXBA==/dev.ritesh.ledgerlite-cwjGv-LBL3Ehm-lOi_texA==/base.apk!classes8.dex)
  07-02 02:14:15.242 14837 14886 E AndroidRuntime: 	at expo.modules.font.FontLoaderModule.definition(FontLoaderModule.kt:98)
  07-02 02:14:15.242 14837 14886 E AndroidRuntime: 	at expo.modules.kotlin.ModuleHolder.<init>(ModuleHolder.kt:22)
  07-02 02:14:15.242 14837 14886 E AndroidRuntime: 	at expo.modules.kotlin.ModuleRegistry.register(ModuleRegistry.kt:27)
  07-02 02:14:15.242 14837 14886 E AndroidRuntime: 	at expo.modules.kotlin.ModuleRegistry.register(ModuleRegistry.kt:47)
  07-02 02:14:15.242 14837 14886 E AndroidRuntime: 	at expo.modules.kotlin.AppContext.<init>(AppContext.kt:120)
  07-02 02:14:15.242 14837 14886 E AndroidRuntime: 	at expo.modules.kotlin.KotlinInteropModuleRegistry.<init>(KotlinInteropModuleRegistry.kt:23)
  07-02 02:14:15.242 14837 14886 E AndroidRuntime: 	at expo.modules.adapters.react.NativeModulesProxy.<init>(NativeModulesProxy.java:45)
  07-02 02:14:15.242 14837 14886 E AndroidRuntime: 	at expo.modules.adapters.react.ModuleRegistryAdapter.getOrCreateNativeModulesProxy(ModuleRegistryAdapter.java:135)
  07-02 02:14:15.242 14837 14886 E AndroidRuntime: 	at expo.modules.adapters.react.ModuleRegistryAdapter.createNativeModules(ModuleRegistryAdapter.java:64)
  07-02 02:14:15.242 14837 14886 E AndroidRuntime: 	at expo.modules.ExpoModulesPackage.createNativeModules(ExpoModulesPackage.kt:35)
  07-02 02:14:15.242 14837 14886 E AndroidRuntime: 	at com.facebook.react.ReactPackageTurboModuleManagerDelegate.initialize(ReactPackageTurboModuleManagerDelegate.kt:87)
  07-02 02:14:15.242 14837 14886 E AndroidRuntime: 	at com.facebook.react.ReactPackageTurboModuleManagerDelegate.<init>(ReactPackageTurboModuleManagerDelegate.kt:45)
  07-02 02:14:15.242 14837 14886 E AndroidRuntime: 	at com.facebook.react.defaults.DefaultTurboModuleManagerDelegate.<init>(DefaultTurboModuleManagerDelegate.kt:35)
  07-02 02:14:15.242 14837 14886 E AndroidRuntime: 	at com.facebook.react.defaults.DefaultTurboModuleManagerDelegate.<init>(Unknown Source:0)
  07-02 02:14:15.242 14837 14886 E AndroidRuntime: 	at com.facebook.react.defaults.DefaultTurboModuleManagerDelegate$Builder.build(DefaultTurboModuleManagerDelegate.kt:62)
  07-02 02:14:15.242 14837 14886 E AndroidRuntime: 	at com.facebook.react.defaults.DefaultTurboModuleManagerDelegate$Builder.build(DefaultTurboModuleManagerDelegate.kt:42)
  07-02 02:14:15.242 14837 14886 E AndroidRuntime: 	at com.facebook.react.ReactPackageTurboModuleManagerDelegate$Builder.build(ReactPackageTurboModuleManagerDelegate.kt:241)
  07-02 02:14:15.242 14837 14886 E AndroidRuntime: 	at com.facebook.react.runtime.ReactInstance.<init>(ReactInstance.kt:168)

